// Jest Snapshot v1, https://goo.gl/fbAQLP

exports[`<SideMenu/> should render 1`] = `
<div
  className="side-menu"
>
  <div
    className="side-menu-header"
  >
    <i
      className="fas fa-bars"
      onClick={[Function]}
    />
    <div
      className="logo-box"
    >
      <img
        alt=""
        className="logo"
        src="test-file-stub"
      />
    </div>
  </div>
  <div
    className="sidenav false"
  >
    <Button
      className="btn-hillary"
      label="Trailers"
    />
    <Button
      className="btn-default"
      label="Logout"
    />
  </div>
</div>
`;
